<?xml version="1.0" encoding="ISO-8859-1" ?>
<link_info>
   <banner>TI ARM Linker Unix v18.1.3.LTS</banner>
   <copyright>Copyright (c) 1996-2017 Texas Instruments Incorporated</copyright>
   <link_time>0x5c0c7fcb</link_time>
   <link_errors>0x0</link_errors>
   <output_file>freertos.out</output_file>
   <entry_point>
      <name>_c_int00_noargs</name>
      <address>0x1d91</address>
   </entry_point>
   <input_file_list>
      <input_file id="fl-2">
         <path>./</path>
         <kind>object</kind>
         <file>freertos.obj</file>
         <name>freertos.obj</name>
      </input_file>
      <input_file id="fl-3">
         <path>./</path>
         <kind>object</kind>
         <file>startup_ccs.obj</file>
         <name>startup_ccs.obj</name>
      </input_file>
      <input_file id="fl-4">
         <path>./drivers/</path>
         <kind>object</kind>
         <file>buttons.obj</file>
         <name>buttons.obj</name>
      </input_file>
      <input_file id="fl-5">
         <path>./drivers/</path>
         <kind>object</kind>
         <file>rgb.obj</file>
         <name>rgb.obj</name>
      </input_file>
      <input_file id="fl-6">
         <path>./tasks/</path>
         <kind>object</kind>
         <file>grava_task.obj</file>
         <name>grava_task.obj</name>
      </input_file>
      <input_file id="fl-7">
         <path>./tasks/</path>
         <kind>object</kind>
         <file>serial_task.obj</file>
         <name>serial_task.obj</name>
      </input_file>
      <input_file id="fl-8">
         <path>./tasks/</path>
         <kind>object</kind>
         <file>temperature_task.obj</file>
         <name>temperature_task.obj</name>
      </input_file>
      <input_file id="fl-9">
         <path>./third_party/FreeRTOS/Source/</path>
         <kind>object</kind>
         <file>list.obj</file>
         <name>list.obj</name>
      </input_file>
      <input_file id="fl-a">
         <path>./third_party/FreeRTOS/Source/</path>
         <kind>object</kind>
         <file>queue.obj</file>
         <name>queue.obj</name>
      </input_file>
      <input_file id="fl-b">
         <path>./third_party/FreeRTOS/Source/</path>
         <kind>object</kind>
         <file>tasks.obj</file>
         <name>tasks.obj</name>
      </input_file>
      <input_file id="fl-c">
         <path>./third_party/FreeRTOS/Source/portable/CCS/ARM_CM4F/</path>
         <kind>object</kind>
         <file>port.obj</file>
         <name>port.obj</name>
      </input_file>
      <input_file id="fl-d">
         <path>./third_party/FreeRTOS/Source/portable/CCS/ARM_CM4F/</path>
         <kind>object</kind>
         <file>portasm.obj</file>
         <name>portasm.obj</name>
      </input_file>
      <input_file id="fl-e">
         <path>./third_party/FreeRTOS/Source/portable/MemMang/</path>
         <kind>object</kind>
         <file>heap_2.obj</file>
         <name>heap_2.obj</name>
      </input_file>
      <input_file id="fl-f">
         <path>./utils/</path>
         <kind>object</kind>
         <file>uartstdio.obj</file>
         <name>uartstdio.obj</name>
      </input_file>
      <input_file id="fl-10">
         <path>./utils/</path>
         <kind>object</kind>
         <file>ustdlib.obj</file>
         <name>ustdlib.obj</name>
      </input_file>
      <input_file id="fl-15">
         <kind>object</kind>
         <file>&lt;internal&gt;</file>
         <name>&lt;internal&gt;</name>
      </input_file>
      <input_file id="fl-cb">
         <path>/Applications/ti/ccsv8/tools/compiler/ti-cgt-arm_18.1.3.LTS/lib/</path>
         <kind>archive</kind>
         <file>rtsv7M4_T_le_v4SPD16_eabi.lib</file>
         <name>memset_t2.asm.obj</name>
      </input_file>
      <input_file id="fl-cc">
         <path>/Applications/ti/ccsv8/tools/compiler/ti-cgt-arm_18.1.3.LTS/lib/</path>
         <kind>archive</kind>
         <file>rtsv7M4_T_le_v4SPD16_eabi.lib</file>
         <name>u_divt2.asm.obj</name>
      </input_file>
      <input_file id="fl-cd">
         <path>/Applications/ti/ccsv8/tools/compiler/ti-cgt-arm_18.1.3.LTS/lib/</path>
         <kind>archive</kind>
         <file>rtsv7M4_T_le_v4SPD16_eabi.lib</file>
         <name>fs_toull_t2.asm.obj</name>
      </input_file>
      <input_file id="fl-ce">
         <path>/Applications/ti/ccsv8/tools/compiler/ti-cgt-arm_18.1.3.LTS/lib/</path>
         <kind>archive</kind>
         <file>rtsv7M4_T_le_v4SPD16_eabi.lib</file>
         <name>memcpy_t2.asm.obj</name>
      </input_file>
      <input_file id="fl-cf">
         <path>/Applications/ti/ccsv8/tools/compiler/ti-cgt-arm_18.1.3.LTS/lib/</path>
         <kind>archive</kind>
         <file>rtsv7M4_T_le_v4SPD16_eabi.lib</file>
         <name>copy_zero_init.c.obj</name>
      </input_file>
      <input_file id="fl-d0">
         <path>/Applications/ti/ccsv8/tools/compiler/ti-cgt-arm_18.1.3.LTS/lib/</path>
         <kind>archive</kind>
         <file>rtsv7M4_T_le_v4SPD16_eabi.lib</file>
         <name>copy_decompress_none.c.obj</name>
      </input_file>
      <input_file id="fl-d1">
         <path>/Applications/ti/ccsv8/tools/compiler/ti-cgt-arm_18.1.3.LTS/lib/</path>
         <kind>archive</kind>
         <file>rtsv7M4_T_le_v4SPD16_eabi.lib</file>
         <name>copy_decompress_lzss.c.obj</name>
      </input_file>
      <input_file id="fl-d2">
         <path>/Applications/ti/ccsv8/tools/compiler/ti-cgt-arm_18.1.3.LTS/lib/</path>
         <kind>archive</kind>
         <file>rtsv7M4_T_le_v4SPD16_eabi.lib</file>
         <name>boot_cortex_m.c.obj</name>
      </input_file>
      <input_file id="fl-d3">
         <path>/Applications/ti/ccsv8/tools/compiler/ti-cgt-arm_18.1.3.LTS/lib/</path>
         <kind>archive</kind>
         <file>rtsv7M4_T_le_v4SPD16_eabi.lib</file>
         <name>div0.asm.obj</name>
      </input_file>
      <input_file id="fl-d4">
         <path>/Applications/ti/ccsv8/tools/compiler/ti-cgt-arm_18.1.3.LTS/lib/</path>
         <kind>archive</kind>
         <file>rtsv7M4_T_le_v4SPD16_eabi.lib</file>
         <name>autoinit.c.obj</name>
      </input_file>
      <input_file id="fl-d5">
         <path>/Applications/ti/ccsv8/tools/compiler/ti-cgt-arm_18.1.3.LTS/lib/</path>
         <kind>archive</kind>
         <file>rtsv7M4_T_le_v4SPD16_eabi.lib</file>
         <name>pre_init.c.obj</name>
      </input_file>
      <input_file id="fl-d6">
         <path>/Applications/ti/ccsv8/tools/compiler/ti-cgt-arm_18.1.3.LTS/lib/</path>
         <kind>archive</kind>
         <file>rtsv7M4_T_le_v4SPD16_eabi.lib</file>
         <name>cpy_tbl.c.obj</name>
      </input_file>
      <input_file id="fl-d7">
         <path>/Applications/ti/ccsv8/tools/compiler/ti-cgt-arm_18.1.3.LTS/lib/</path>
         <kind>archive</kind>
         <file>rtsv7M4_T_le_v4SPD16_eabi.lib</file>
         <name>exit.c.obj</name>
      </input_file>
      <input_file id="fl-d8">
         <path>/Applications/ti/ccsv8/tools/compiler/ti-cgt-arm_18.1.3.LTS/lib/</path>
         <kind>archive</kind>
         <file>rtsv7M4_T_le_v4SPD16_eabi.lib</file>
         <name>_lock.c.obj</name>
      </input_file>
      <input_file id="fl-d9">
         <path>/Applications/ti/ccsv8/tools/compiler/ti-cgt-arm_18.1.3.LTS/lib/</path>
         <kind>archive</kind>
         <file>rtsv7M4_T_le_v4SPD16_eabi.lib</file>
         <name>args_main.c.obj</name>
      </input_file>
      <input_file id="fl-da">
         <path>/Users/Drak/ti/tivaware_c_series_2_1_4_178/driverlib/ccs/Debug/</path>
         <kind>archive</kind>
         <file>driverlib.lib</file>
         <name>adc.obj</name>
      </input_file>
      <input_file id="fl-db">
         <path>/Users/Drak/ti/tivaware_c_series_2_1_4_178/driverlib/ccs/Debug/</path>
         <kind>archive</kind>
         <file>driverlib.lib</file>
         <name>eeprom.obj</name>
      </input_file>
      <input_file id="fl-dc">
         <path>/Users/Drak/ti/tivaware_c_series_2_1_4_178/driverlib/ccs/Debug/</path>
         <kind>archive</kind>
         <file>driverlib.lib</file>
         <name>gpio.obj</name>
      </input_file>
      <input_file id="fl-dd">
         <path>/Users/Drak/ti/tivaware_c_series_2_1_4_178/driverlib/ccs/Debug/</path>
         <kind>archive</kind>
         <file>driverlib.lib</file>
         <name>interrupt.obj</name>
      </input_file>
      <input_file id="fl-de">
         <path>/Users/Drak/ti/tivaware_c_series_2_1_4_178/driverlib/ccs/Debug/</path>
         <kind>archive</kind>
         <file>driverlib.lib</file>
         <name>sysctl.obj</name>
      </input_file>
      <input_file id="fl-df">
         <path>/Users/Drak/ti/tivaware_c_series_2_1_4_178/driverlib/ccs/Debug/</path>
         <kind>archive</kind>
         <file>driverlib.lib</file>
         <name>uart.obj</name>
      </input_file>
      <input_file id="fl-e0">
         <path>/Users/Drak/ti/tivaware_c_series_2_1_4_178/driverlib/ccs/Debug/</path>
         <kind>archive</kind>
         <file>driverlib.lib</file>
         <name>cpu.obj</name>
      </input_file>
   </input_file_list>
   <object_component_list>
      <object_component id="oc-f">
         <name>.intvecs</name>
         <load_address>0x0</load_address>
         <run_address>0x0</run_address>
         <size>0x26c</size>
         <input_file_ref idref="fl-3"/>
      </object_component>
      <object_component id="oc-23a">
         <name>.text:UARTvprintf</name>
         <load_address>0x26c</load_address>
         <run_address>0x26c</run_address>
         <size>0x1ea</size>
         <input_file_ref idref="fl-f"/>
      </object_component>
      <object_component id="oc-30">
         <name>.text:FaultISR</name>
         <load_address>0x456</load_address>
         <run_address>0x456</run_address>
         <size>0x2</size>
         <input_file_ref idref="fl-3"/>
      </object_component>
      <object_component id="oc-22c">
         <name>.text:TemperatureTask</name>
         <load_address>0x458</load_address>
         <run_address>0x458</run_address>
         <size>0x140</size>
         <input_file_ref idref="fl-8"/>
      </object_component>
      <object_component id="oc-28c">
         <name>.text:GPIOPadConfigSet</name>
         <load_address>0x598</load_address>
         <run_address>0x598</run_address>
         <size>0x132</size>
         <input_file_ref idref="fl-dc"/>
      </object_component>
      <object_component id="oc-36">
         <name>.text:IntDefaultHandler</name>
         <load_address>0x6ca</load_address>
         <run_address>0x6ca</run_address>
         <size>0x2</size>
         <input_file_ref idref="fl-3"/>
      </object_component>
      <object_component id="oc-337">
         <name>.text:xQueueGenericReceive</name>
         <load_address>0x6cc</load_address>
         <run_address>0x6cc</run_address>
         <size>0x118</size>
         <input_file_ref idref="fl-a"/>
      </object_component>
      <object_component id="oc-98">
         <name>.text:xTaskIncrementTick</name>
         <load_address>0x7e4</load_address>
         <run_address>0x7e4</run_address>
         <size>0x104</size>
         <input_file_ref idref="fl-b"/>
      </object_component>
      <object_component id="oc-21f">
         <name>.text:xTaskGenericCreate</name>
         <load_address>0x8e8</load_address>
         <run_address>0x8e8</run_address>
         <size>0x100</size>
         <input_file_ref idref="fl-b"/>
      </object_component>
      <object_component id="oc-218">
         <name>.text:xQueueGenericSend</name>
         <load_address>0x9e8</load_address>
         <run_address>0x9e8</run_address>
         <size>0xe8</size>
         <input_file_ref idref="fl-a"/>
      </object_component>
      <object_component id="oc-2bb">
         <name>.text:xTaskResumeAll</name>
         <load_address>0xad0</load_address>
         <run_address>0xad0</run_address>
         <size>0xe4</size>
         <input_file_ref idref="fl-b"/>
      </object_component>
      <object_component id="oc-3c">
         <name>.text</name>
         <load_address>0xbb4</load_address>
         <run_address>0xbb4</run_address>
         <size>0xd2</size>
         <input_file_ref idref="fl-d"/>
      </object_component>
      <object_component id="oc-2a">
         <name>.text:NmiSR</name>
         <load_address>0xc86</load_address>
         <run_address>0xc86</run_address>
         <size>0x2</size>
         <input_file_ref idref="fl-3"/>
      </object_component>
      <object_component id="oc-32b">
         <name>.text:EEPROMProgram</name>
         <load_address>0xc88</load_address>
         <run_address>0xc88</run_address>
         <size>0xc4</size>
         <input_file_ref idref="fl-db"/>
      </object_component>
      <object_component id="oc-233">
         <name>.text:SerialTask</name>
         <load_address>0xd4c</load_address>
         <run_address>0xd4c</run_address>
         <size>0xb4</size>
         <input_file_ref idref="fl-7"/>
      </object_component>
      <object_component id="oc-225">
         <name>.text:GravaTask</name>
         <load_address>0xe00</load_address>
         <run_address>0xe00</run_address>
         <size>0xb0</size>
         <input_file_ref idref="fl-6"/>
      </object_component>
      <object_component id="oc-cc">
         <name>.text:main</name>
         <load_address>0xeb0</load_address>
         <run_address>0xeb0</run_address>
         <size>0xac</size>
         <input_file_ref idref="fl-2"/>
      </object_component>
      <object_component id="oc-203">
         <name>.text:pvPortMalloc</name>
         <load_address>0xf5c</load_address>
         <run_address>0xf5c</run_address>
         <size>0xac</size>
         <input_file_ref idref="fl-e"/>
      </object_component>
      <object_component id="oc-55">
         <name>.text</name>
         <load_address>0x1008</load_address>
         <run_address>0x1008</run_address>
         <size>0x9c</size>
         <input_file_ref idref="fl-ce"/>
      </object_component>
      <object_component id="oc-43f">
         <name>.text:vTaskPriorityInherit</name>
         <load_address>0x10a4</load_address>
         <run_address>0x10a4</run_address>
         <size>0x90</size>
         <input_file_ref idref="fl-b"/>
      </object_component>
      <object_component id="oc-91">
         <name>.text:vTaskSwitchContext</name>
         <load_address>0x1134</load_address>
         <run_address>0x1134</run_address>
         <size>0x8c</size>
         <input_file_ref idref="fl-b"/>
      </object_component>
      <object_component id="oc-33d">
         <name>.text:vTaskDelayUntil</name>
         <load_address>0x11c0</load_address>
         <run_address>0x11c0</run_address>
         <size>0x84</size>
         <input_file_ref idref="fl-b"/>
      </object_component>
      <object_component id="oc-209">
         <name>.text:xQueueGenericReset</name>
         <load_address>0x1244</load_address>
         <run_address>0x1244</run_address>
         <size>0x84</size>
         <input_file_ref idref="fl-a"/>
      </object_component>
      <object_component id="oc-351">
         <name>.text:ADCSequenceStepConfigure</name>
         <load_address>0x12c8</load_address>
         <run_address>0x12c8</run_address>
         <size>0x7a</size>
         <input_file_ref idref="fl-da"/>
      </object_component>
      <object_component id="oc-c0">
         <name>.text</name>
         <load_address>0x1342</load_address>
         <run_address>0x1342</run_address>
         <size>0x7a</size>
         <input_file_ref idref="fl-cb"/>
      </object_component>
      <object_component id="oc-409">
         <name>.text:xTaskPriorityDisinherit</name>
         <load_address>0x13bc</load_address>
         <run_address>0x13bc</run_address>
         <size>0x78</size>
         <input_file_ref idref="fl-b"/>
      </object_component>
      <object_component id="oc-2d2">
         <name>.text:xTaskRemoveFromEventList</name>
         <load_address>0x1434</load_address>
         <run_address>0x1434</run_address>
         <size>0x74</size>
         <input_file_ref idref="fl-b"/>
      </object_component>
      <object_component id="oc-305">
         <name>.text:prvCopyDataToQueue</name>
         <load_address>0x14a8</load_address>
         <run_address>0x14a8</run_address>
         <size>0x72</size>
         <input_file_ref idref="fl-a"/>
      </object_component>
      <object_component id="oc-12">
         <name>.text:decompress:lzss:__TI_decompress_lzss</name>
         <load_address>0x151a</load_address>
         <run_address>0x151a</run_address>
         <size>0x68</size>
         <input_file_ref idref="fl-d1"/>
      </object_component>
      <object_component id="oc-464">
         <name>.text</name>
         <load_address>0x1582</load_address>
         <run_address>0x1582</run_address>
         <size>0x2</size>
         <input_file_ref idref="fl-d3"/>
      </object_component>
      <object_component id="oc-120">
         <name>.text:ConfigureUART</name>
         <load_address>0x1584</load_address>
         <run_address>0x1584</run_address>
         <size>0x64</size>
         <input_file_ref idref="fl-2"/>
      </object_component>
      <object_component id="oc-2ff">
         <name>.text:vTaskPlaceOnEventList</name>
         <load_address>0x15e8</load_address>
         <run_address>0x15e8</run_address>
         <size>0x64</size>
         <input_file_ref idref="fl-b"/>
      </object_component>
      <object_component id="oc-2f3">
         <name>.text:prvUnlockQueue</name>
         <load_address>0x164c</load_address>
         <run_address>0x164c</run_address>
         <size>0x62</size>
         <input_file_ref idref="fl-a"/>
      </object_component>
      <object_component id="oc-e9">
         <name>.text:vApplicationStackOverflowHook</name>
         <load_address>0x16ae</load_address>
         <run_address>0x16ae</run_address>
         <size>0x2</size>
         <input_file_ref idref="fl-2"/>
      </object_component>
      <object_component id="oc-1db">
         <name>.text:UARTStdioConfig</name>
         <load_address>0x16b0</load_address>
         <run_address>0x16b0</run_address>
         <size>0x60</size>
         <input_file_ref idref="fl-f"/>
      </object_component>
      <object_component id="oc-31e">
         <name>.text:prvInitialiseTaskLists</name>
         <load_address>0x1710</load_address>
         <run_address>0x1710</run_address>
         <size>0x60</size>
         <input_file_ref idref="fl-b"/>
      </object_component>
      <object_component id="oc-156">
         <name>.text:vTaskStartScheduler</name>
         <load_address>0x1770</load_address>
         <run_address>0x1770</run_address>
         <size>0x60</size>
         <input_file_ref idref="fl-b"/>
      </object_component>
      <object_component id="oc-391">
         <name>.text:prvCheckTasksWaitingTermination</name>
         <load_address>0x17d0</load_address>
         <run_address>0x17d0</run_address>
         <size>0x58</size>
         <input_file_ref idref="fl-b"/>
      </object_component>
      <object_component id="oc-312">
         <name>.text:prvInitialiseTCBVariables</name>
         <load_address>0x1828</load_address>
         <run_address>0x1828</run_address>
         <size>0x56</size>
         <input_file_ref idref="fl-b"/>
      </object_component>
      <object_component id="oc-1fc">
         <name>.text:EEPROMMassErase</name>
         <load_address>0x1880</load_address>
         <run_address>0x1880</run_address>
         <size>0x54</size>
         <input_file_ref idref="fl-db"/>
      </object_component>
      <object_component id="oc-2ed">
         <name>.text:xTaskCheckForTimeOut</name>
         <load_address>0x18d4</load_address>
         <run_address>0x18d4</run_address>
         <size>0x54</size>
         <input_file_ref idref="fl-b"/>
      </object_component>
      <object_component id="oc-34b">
         <name>.text:ADCSequenceConfigure</name>
         <load_address>0x1928</load_address>
         <run_address>0x1928</run_address>
         <size>0x50</size>
         <input_file_ref idref="fl-da"/>
      </object_component>
      <object_component id="oc-2a1">
         <name>.text:SysCtlPeripheralReset</name>
         <load_address>0x1978</load_address>
         <run_address>0x1978</run_address>
         <size>0x50</size>
         <input_file_ref idref="fl-de"/>
      </object_component>
      <object_component id="oc-3ff">
         <name>.text:prvAddCurrentTaskToDelayedList</name>
         <load_address>0x19c8</load_address>
         <run_address>0x19c8</run_address>
         <size>0x4c</size>
         <input_file_ref idref="fl-b"/>
      </object_component>
      <object_component id="oc-138">
         <name>.text:xQueueCreateMutex</name>
         <load_address>0x1a14</load_address>
         <run_address>0x1a14</run_address>
         <size>0x4c</size>
         <input_file_ref idref="fl-a"/>
      </object_component>
      <object_component id="oc-379">
         <name>.text:UARTwrite</name>
         <load_address>0x1a60</load_address>
         <run_address>0x1a60</run_address>
         <size>0x48</size>
         <input_file_ref idref="fl-f"/>
      </object_component>
      <object_component id="oc-144">
         <name>.text:TemperatureTaskInit</name>
         <load_address>0x1aa8</load_address>
         <run_address>0x1aa8</run_address>
         <size>0x44</size>
         <input_file_ref idref="fl-8"/>
      </object_component>
      <object_component id="oc-16c">
         <name>.text:__TI_auto_init_nobinit_nopinit:__TI_auto_init_nobinit_nopinit</name>
         <load_address>0x1aec</load_address>
         <run_address>0x1aec</run_address>
         <size>0x44</size>
         <input_file_ref idref="fl-d4"/>
      </object_component>
      <object_component id="oc-410">
         <name>.text:vPortFree</name>
         <load_address>0x1b30</load_address>
         <run_address>0x1b30</run_address>
         <size>0x44</size>
         <input_file_ref idref="fl-e"/>
      </object_component>
      <object_component id="oc-1f6">
         <name>.text:EEPROMInit</name>
         <load_address>0x1b74</load_address>
         <run_address>0x1b74</run_address>
         <size>0x40</size>
         <input_file_ref idref="fl-db"/>
      </object_component>
      <object_component id="oc-37f">
         <name>.text</name>
         <load_address>0x1bb4</load_address>
         <run_address>0x1bb4</run_address>
         <size>0x40</size>
         <input_file_ref idref="fl-cc"/>
      </object_component>
      <object_component id="oc-247">
         <name>.text:xPortStartScheduler</name>
         <load_address>0x1bf4</load_address>
         <run_address>0x1bf4</run_address>
         <size>0x40</size>
         <input_file_ref idref="fl-c"/>
      </object_component>
      <object_component id="oc-430">
         <name>.text:_EEPROMSectorMaskSet</name>
         <load_address>0x1c34</load_address>
         <run_address>0x1c34</run_address>
         <size>0x3c</size>
         <input_file_ref idref="fl-db"/>
      </object_component>
      <object_component id="oc-132">
         <name>.text:xQueueGenericCreate</name>
         <load_address>0x1c70</load_address>
         <run_address>0x1c70</run_address>
         <size>0x3c</size>
         <input_file_ref idref="fl-a"/>
      </object_component>
      <object_component id="oc-30c">
         <name>.text:prvAllocateTCBAndStack</name>
         <load_address>0x1cac</load_address>
         <run_address>0x1cac</run_address>
         <size>0x3a</size>
         <input_file_ref idref="fl-b"/>
      </object_component>
      <object_component id="oc-331">
         <name>.text:EEPROMRead</name>
         <load_address>0x1ce8</load_address>
         <run_address>0x1ce8</run_address>
         <size>0x38</size>
         <input_file_ref idref="fl-db"/>
      </object_component>
      <object_component id="oc-13e">
         <name>.text:GravaTaskInit</name>
         <load_address>0x1d20</load_address>
         <run_address>0x1d20</run_address>
         <size>0x38</size>
         <input_file_ref idref="fl-6"/>
      </object_component>
      <object_component id="oc-14a">
         <name>.text:SerialTaskInit</name>
         <load_address>0x1d58</load_address>
         <run_address>0x1d58</run_address>
         <size>0x38</size>
         <input_file_ref idref="fl-7"/>
      </object_component>
      <object_component id="oc-73">
         <name>.text:_c_int00_noargs:_c_int00_noargs</name>
         <load_address>0x1d90</load_address>
         <run_address>0x1d90</run_address>
         <size>0x38</size>
         <input_file_ref idref="fl-d2"/>
      </object_component>
      <object_component id="oc-3f9">
         <name>.text:vListInsert</name>
         <load_address>0x1dc8</load_address>
         <run_address>0x1dc8</run_address>
         <size>0x38</size>
         <input_file_ref idref="fl-9"/>
      </object_component>
      <object_component id="oc-126">
         <name>.text:ConfigureLED</name>
         <load_address>0x1e00</load_address>
         <run_address>0x1e00</run_address>
         <size>0x34</size>
         <input_file_ref idref="fl-2"/>
      </object_component>
      <object_component id="oc-1e2">
         <name>.text:SysCtlPeripheralEnable</name>
         <load_address>0x1e34</load_address>
         <run_address>0x1e34</run_address>
         <size>0x34</size>
         <input_file_ref idref="fl-de"/>
      </object_component>
      <object_component id="oc-2a8">
         <name>.text:_EEPROMSectorMaskClear</name>
         <load_address>0x1e68</load_address>
         <run_address>0x1e68</run_address>
         <size>0x34</size>
         <input_file_ref idref="fl-db"/>
      </object_component>
      <object_component id="oc-2b5">
         <name>.text:prvHeapInit</name>
         <load_address>0x1e9c</load_address>
         <run_address>0x1e9c</run_address>
         <size>0x30</size>
         <input_file_ref idref="fl-e"/>
      </object_component>
      <object_component id="oc-369">
         <name>.text:ADCIntStatus</name>
         <load_address>0x1ecc</load_address>
         <run_address>0x1ecc</run_address>
         <size>0x2e</size>
         <input_file_ref idref="fl-da"/>
      </object_component>
      <object_component id="oc-41">
         <name>.text:xPortSysTickHandler</name>
         <load_address>0x1efc</load_address>
         <run_address>0x1efc</run_address>
         <size>0x2c</size>
         <input_file_ref idref="fl-c"/>
      </object_component>
      <object_component id="oc-292">
         <name>.text:GPIODirModeSet</name>
         <load_address>0x1f28</load_address>
         <run_address>0x1f28</run_address>
         <size>0x2a</size>
         <input_file_ref idref="fl-dc"/>
      </object_component>
      <object_component id="oc-f3">
         <name>.text:prvResetNextTaskUnblockTime</name>
         <load_address>0x1f54</load_address>
         <run_address>0x1f54</run_address>
         <size>0x28</size>
         <input_file_ref idref="fl-b"/>
      </object_component>
      <object_component id="oc-318">
         <name>.text:pxPortInitialiseStack</name>
         <load_address>0x1f7c</load_address>
         <run_address>0x1f7c</run_address>
         <size>0x28</size>
         <input_file_ref idref="fl-c"/>
      </object_component>
      <object_component id="oc-445">
         <name>.text:prvCopyDataFromQueue</name>
         <load_address>0x1fa4</load_address>
         <run_address>0x1fa4</run_address>
         <size>0x26</size>
         <input_file_ref idref="fl-a"/>
      </object_component>
      <object_component id="oc-f9">
         <name>.text:uxListRemove</name>
         <load_address>0x1fca</load_address>
         <run_address>0x1fca</run_address>
         <size>0x20</size>
         <input_file_ref idref="fl-9"/>
      </object_component>
      <object_component id="oc-36f">
         <name>.text:ADCSequenceDataGet</name>
         <load_address>0x1fea</load_address>
         <run_address>0x1fea</run_address>
         <size>0x1e</size>
         <input_file_ref idref="fl-da"/>
      </object_component>
      <object_component id="oc-2f9">
         <name>.text:prvIsQueueFull</name>
         <load_address>0x2008</load_address>
         <run_address>0x2008</run_address>
         <size>0x1c</size>
         <input_file_ref idref="fl-a"/>
      </object_component>
      <object_component id="oc-2cc">
         <name>.text:vPortEnterCritical</name>
         <load_address>0x2024</load_address>
         <run_address>0x2024</run_address>
         <size>0x1c</size>
         <input_file_ref idref="fl-c"/>
      </object_component>
      <object_component id="oc-150">
         <name>.text:UARTprintf</name>
         <load_address>0x2040</load_address>
         <run_address>0x2040</run_address>
         <size>0x1a</size>
         <input_file_ref idref="fl-f"/>
      </object_component>
      <object_component id="oc-439">
         <name>.text:prvIsQueueEmpty</name>
         <load_address>0x205a</load_address>
         <run_address>0x205a</run_address>
         <size>0x1a</size>
         <input_file_ref idref="fl-a"/>
      </object_component>
      <object_component id="oc-363">
         <name>.text:ADCProcessorTrigger</name>
         <load_address>0x2074</load_address>
         <run_address>0x2074</run_address>
         <size>0x18</size>
         <input_file_ref idref="fl-da"/>
      </object_component>
      <object_component id="oc-12c">
         <name>.text:ConfigureEEPROM</name>
         <load_address>0x208c</load_address>
         <run_address>0x208c</run_address>
         <size>0x18</size>
         <input_file_ref idref="fl-2"/>
      </object_component>
      <object_component id="oc-1e8">
         <name>.text:GPIOPinTypeGPIOOutput</name>
         <load_address>0x20a4</load_address>
         <run_address>0x20a4</run_address>
         <size>0x18</size>
         <input_file_ref idref="fl-dc"/>
      </object_component>
      <object_component id="oc-44b">
         <name>.text:pvTaskIncrementMutexHeldCount</name>
         <load_address>0x20bc</load_address>
         <run_address>0x20bc</run_address>
         <size>0x18</size>
         <input_file_ref idref="fl-b"/>
      </object_component>
      <object_component id="oc-ff">
         <name>.text:vListInsertEnd</name>
         <load_address>0x20d4</load_address>
         <run_address>0x20d4</run_address>
         <size>0x18</size>
         <input_file_ref idref="fl-9"/>
      </object_component>
      <object_component id="oc-2d8">
         <name>.text:vPortExitCritical</name>
         <load_address>0x20ec</load_address>
         <run_address>0x20ec</run_address>
         <size>0x18</size>
         <input_file_ref idref="fl-c"/>
      </object_component>
      <object_component id="oc-2e7">
         <name>.text:vTaskSetTimeOutState</name>
         <load_address>0x2104</load_address>
         <run_address>0x2104</run_address>
         <size>0x18</size>
         <input_file_ref idref="fl-b"/>
      </object_component>
      <object_component id="oc-212">
         <name>.text:vListInitialise</name>
         <load_address>0x211c</load_address>
         <run_address>0x211c</run_address>
         <size>0x16</size>
         <input_file_ref idref="fl-9"/>
      </object_component>
      <object_component id="oc-387">
         <name>.text:vPortSetupTimerInterrupt</name>
         <load_address>0x2134</load_address>
         <run_address>0x2134</run_address>
         <size>0x14</size>
         <input_file_ref idref="fl-c"/>
      </object_component>
      <object_component id="oc-46d">
         <name>.text:prvDeleteTCB</name>
         <load_address>0x2148</load_address>
         <run_address>0x2148</run_address>
         <size>0x12</size>
         <input_file_ref idref="fl-b"/>
      </object_component>
      <object_component id="oc-29b">
         <name>.text:_EEPROMWaitForDone</name>
         <load_address>0x215c</load_address>
         <run_address>0x215c</run_address>
         <size>0x10</size>
         <input_file_ref idref="fl-db"/>
      </object_component>
      <object_component id="oc-41e">
         <name>.text:prvTaskExitError</name>
         <load_address>0x216c</load_address>
         <run_address>0x216c</run_address>
         <size>0x10</size>
         <input_file_ref idref="fl-c"/>
      </object_component>
      <object_component id="oc-2af">
         <name>.text:vTaskSuspendAll</name>
         <load_address>0x217c</load_address>
         <run_address>0x217c</run_address>
         <size>0x10</size>
         <input_file_ref idref="fl-b"/>
      </object_component>
      <object_component id="oc-345">
         <name>.text:ADCHardwareOversampleConfigure</name>
         <load_address>0x218c</load_address>
         <run_address>0x218c</run_address>
         <size>0xe</size>
         <input_file_ref idref="fl-da"/>
      </object_component>
      <object_component id="oc-357">
         <name>.text:ADCSequenceEnable</name>
         <load_address>0x219a</load_address>
         <run_address>0x219a</run_address>
         <size>0xe</size>
         <input_file_ref idref="fl-da"/>
      </object_component>
      <object_component id="oc-18">
         <name>.text:decompress:none:__TI_decompress_none</name>
         <load_address>0x21a8</load_address>
         <run_address>0x21a8</run_address>
         <size>0xe</size>
         <input_file_ref idref="fl-d0"/>
      </object_component>
      <object_component id="oc-67">
         <name>.text:decompress:ZI:__TI_zero_init</name>
         <load_address>0x21b6</load_address>
         <run_address>0x21b6</run_address>
         <size>0xc</size>
         <input_file_ref idref="fl-cf"/>
      </object_component>
      <object_component id="oc-3f1">
         <name>.text:vTaskMissedYield</name>
         <load_address>0x21c4</load_address>
         <run_address>0x21c4</run_address>
         <size>0xc</size>
         <input_file_ref idref="fl-b"/>
      </object_component>
      <object_component id="oc-325">
         <name>.text:xTaskGetTickCount</name>
         <load_address>0x21d0</load_address>
         <run_address>0x21d0</run_address>
         <size>0xc</size>
         <input_file_ref idref="fl-b"/>
      </object_component>
      <object_component id="oc-35d">
         <name>.text:ADCIntClear</name>
         <load_address>0x21dc</load_address>
         <run_address>0x21dc</run_address>
         <size>0xa</size>
         <input_file_ref idref="fl-da"/>
      </object_component>
      <object_component id="oc-24d">
         <name>.text:prvIdleTask</name>
         <load_address>0x21e6</load_address>
         <run_address>0x21e6</run_address>
         <size>0x8</size>
         <input_file_ref idref="fl-b"/>
      </object_component>
      <object_component id="oc-1ee">
         <name>.text:GPIOPinWrite</name>
         <load_address>0x21ee</load_address>
         <run_address>0x21ee</run_address>
         <size>0x6</size>
         <input_file_ref idref="fl-dc"/>
      </object_component>
      <object_component id="oc-24">
         <name>.text:ResetISR</name>
         <load_address>0x21f4</load_address>
         <run_address>0x21f4</run_address>
         <size>0x6</size>
         <input_file_ref idref="fl-3"/>
      </object_component>
      <object_component id="oc-1f4">
         <name>.text:SysCtlDelay</name>
         <load_address>0x21fa</load_address>
         <run_address>0x21fa</run_address>
         <size>0x6</size>
         <input_file_ref idref="fl-de"/>
      </object_component>
      <object_component id="oc-1d5">
         <name>.text:UARTClockSourceSet</name>
         <load_address>0x2200</load_address>
         <run_address>0x2200</run_address>
         <size>0x6</size>
         <input_file_ref idref="fl-df"/>
      </object_component>
      <object_component id="oc-417">
         <name>.text:vListInitialiseItem</name>
         <load_address>0x2206</load_address>
         <run_address>0x2206</run_address>
         <size>0x6</size>
         <input_file_ref idref="fl-9"/>
      </object_component>
      <object_component id="oc-c6">
         <name>.text:_system_pre_init</name>
         <load_address>0x220c</load_address>
         <run_address>0x220c</run_address>
         <size>0x4</size>
         <input_file_ref idref="fl-d5"/>
      </object_component>
      <object_component id="oc-160">
         <name>.text:abort:abort</name>
         <load_address>0x2210</load_address>
         <run_address>0x2210</run_address>
         <size>0x4</size>
         <input_file_ref idref="fl-d7"/>
      </object_component>
      <object_component id="oc-280">
         <name>.const:g_ui32UARTBase</name>
         <load_address>0x2214</load_address>
         <run_address>0x2214</run_address>
         <size>0xc</size>
         <input_file_ref idref="fl-f"/>
      </object_component>
      <object_component id="oc-27d">
         <name>.const:g_ui32UARTPeriph</name>
         <load_address>0x2220</load_address>
         <run_address>0x2220</run_address>
         <size>0xc</size>
         <input_file_ref idref="fl-f"/>
      </object_component>
      <object_component id="oc-8e">
         <name>.const</name>
         <load_address>0x222c</load_address>
         <run_address>0x222c</run_address>
         <size>0x4</size>
         <input_file_ref idref="fl-c"/>
      </object_component>
      <object_component id="oc-4ca">
         <name>.cinit..data.load</name>
         <load_address>0x2230</load_address>
         <run_address>0x2230</run_address>
         <size>0xf</size>
      </object_component>
      <object_component id="oc-4c8">
         <name>__TI_handler_table</name>
         <load_address>0x2240</load_address>
         <run_address>0x2240</run_address>
         <size>0xc</size>
      </object_component>
      <object_component id="oc-4cb">
         <name>.cinit..bss.load</name>
         <load_address>0x2250</load_address>
         <run_address>0x2250</run_address>
         <size>0x8</size>
      </object_component>
      <object_component id="oc-4c9">
         <name>__TI_cinit_table</name>
         <load_address>0x2258</load_address>
         <run_address>0x2258</run_address>
         <size>0x10</size>
      </object_component>
      <object_component id="oc-8b">
         <name>.data</name>
         <load_address>0x200078f8</load_address>
         <run_address>0x200078f8</run_address>
         <size>0x30</size>
         <input_file_ref idref="fl-b"/>
      </object_component>
      <object_component id="oc-38d">
         <name>.data</name>
         <load_address>0x20007938</load_address>
         <run_address>0x20007938</run_address>
         <size>0x4</size>
         <input_file_ref idref="fl-c"/>
      </object_component>
      <object_component id="oc-2c1">
         <name>.data</name>
         <load_address>0x20007928</load_address>
         <run_address>0x20007928</run_address>
         <size>0x8</size>
         <input_file_ref idref="fl-e"/>
      </object_component>
      <object_component id="oc-283">
         <name>.data</name>
         <load_address>0x20007930</load_address>
         <run_address>0x20007930</run_address>
         <size>0x5</size>
         <input_file_ref idref="fl-f"/>
      </object_component>
      <object_component id="oc-ef">
         <name>.bss:pxReadyTasksLists</name>
         <uninitialized>true</uninitialized>
         <run_address>0x20007530</run_address>
         <size>0x140</size>
         <input_file_ref idref="fl-b"/>
      </object_component>
      <object_component id="oc-425">
         <name>.bss:xDelayedTaskList1</name>
         <uninitialized>true</uninitialized>
         <run_address>0x20007670</run_address>
         <size>0x14</size>
         <input_file_ref idref="fl-b"/>
      </object_component>
      <object_component id="oc-428">
         <name>.bss:xDelayedTaskList2</name>
         <uninitialized>true</uninitialized>
         <run_address>0x20007684</run_address>
         <size>0x14</size>
         <input_file_ref idref="fl-b"/>
      </object_component>
      <object_component id="oc-105">
         <name>.bss</name>
         <uninitialized>true</uninitialized>
         <run_address>0x200076d4</run_address>
         <size>0x8</size>
         <input_file_ref idref="fl-b"/>
      </object_component>
      <object_component id="oc-3db">
         <name>.bss:xPendingReadyList</name>
         <uninitialized>true</uninitialized>
         <run_address>0x20007698</run_address>
         <size>0x14</size>
         <input_file_ref idref="fl-b"/>
      </object_component>
      <object_component id="oc-42b">
         <name>.bss:xTasksWaitingTermination</name>
         <uninitialized>true</uninitialized>
         <run_address>0x200076c0</run_address>
         <size>0x14</size>
         <input_file_ref idref="fl-b"/>
      </object_component>
      <object_component id="oc-405">
         <name>.bss:xSuspendedTaskList</name>
         <uninitialized>true</uninitialized>
         <run_address>0x200076ac</run_address>
         <size>0x14</size>
         <input_file_ref idref="fl-b"/>
      </object_component>
      <object_component id="oc-3d7">
         <name>.bss:ucHeap</name>
         <uninitialized>true</uninitialized>
         <run_address>0x20000000</run_address>
         <size>0x7530</size>
         <input_file_ref idref="fl-e"/>
      </object_component>
      <object_component id="oc-2c4">
         <name>.bss:xStart</name>
         <uninitialized>true</uninitialized>
         <run_address>0x200076e4</run_address>
         <size>0x8</size>
         <input_file_ref idref="fl-e"/>
      </object_component>
      <object_component id="oc-2c7">
         <name>.bss:xEnd</name>
         <uninitialized>true</uninitialized>
         <run_address>0x200076dc</run_address>
         <size>0x8</size>
         <input_file_ref idref="fl-e"/>
      </object_component>
      <object_component id="oc-15e">
         <name>.common:g_pUARTSemaphore</name>
         <uninitialized>true</uninitialized>
         <run_address>0x200076ec</run_address>
         <size>0x4</size>
      </object_component>
      <object_component id="oc-15c">
         <name>.common:grava_Queue</name>
         <uninitialized>true</uninitialized>
         <run_address>0x200076f0</run_address>
         <size>0x4</size>
      </object_component>
      <object_component id="oc-15d">
         <name>.common:serial_Queue</name>
         <uninitialized>true</uninitialized>
         <run_address>0x200076f4</run_address>
         <size>0x4</size>
      </object_component>
      <object_component id="oc-21">
         <name>.stack</name>
         <uninitialized>true</uninitialized>
         <run_address>0x200076f8</run_address>
         <size>0x4</size>
         <input_file_ref idref="fl-d2"/>
      </object_component>
      <object_component id="oc-4cc">
         <name>.stack</name>
         <uninitialized>true</uninitialized>
         <run_address>0x200076f8</run_address>
         <size>0x0</size>
      </object_component>
      <object_component id="oc-10e">
         <name>.debug_info</name>
         <load_address>0x0</load_address>
         <run_address>0x0</run_address>
         <size>0x67a</size>
         <input_file_ref idref="fl-2"/>
      </object_component>
      <object_component id="oc-ea">
         <name>.debug_info</name>
         <load_address>0x67a</load_address>
         <run_address>0x67a</run_address>
         <size>0x15d</size>
         <input_file_ref idref="fl-2"/>
      </object_component>
      <object_component id="oc-121">
         <name>.debug_info</name>
         <load_address>0x7d7</load_address>
         <run_address>0x7d7</run_address>
         <size>0x163</size>
         <input_file_ref idref="fl-2"/>
      </object_component>
      <object_component id="oc-127">
         <name>.debug_info</name>
         <load_address>0x93a</load_address>
         <run_address>0x93a</run_address>
         <size>0x16d</size>
         <input_file_ref idref="fl-2"/>
      </object_component>
      <object_component id="oc-12d">
         <name>.debug_info</name>
         <load_address>0xaa7</load_address>
         <run_address>0xaa7</run_address>
         <size>0x159</size>
         <input_file_ref idref="fl-2"/>
      </object_component>
      <object_component id="oc-cd">
         <name>.debug_info</name>
         <load_address>0xc00</load_address>
         <run_address>0xc00</run_address>
         <size>0x1fb</size>
         <input_file_ref idref="fl-2"/>
      </object_component>
      <object_component id="oc-1af">
         <name>.debug_info</name>
         <load_address>0xdfb</load_address>
         <run_address>0xdfb</run_address>
         <size>0x2ef</size>
         <input_file_ref idref="fl-2"/>
      </object_component>
      <object_component id="oc-a1">
         <name>.debug_info</name>
         <load_address>0x10ea</load_address>
         <run_address>0x10ea</run_address>
         <size>0x26b</size>
         <input_file_ref idref="fl-2"/>
      </object_component>
      <object_component id="oc-50">
         <name>.debug_info</name>
         <load_address>0x1355</load_address>
         <run_address>0x1355</run_address>
         <size>0x84</size>
         <input_file_ref idref="fl-2"/>
      </object_component>
      <object_component id="oc-1d0">
         <name>.debug_info</name>
         <load_address>0x13d9</load_address>
         <run_address>0x13d9</run_address>
         <size>0x46</size>
         <input_file_ref idref="fl-2"/>
      </object_component>
      <object_component id="oc-1cb">
         <name>.debug_info</name>
         <load_address>0x141f</load_address>
         <run_address>0x141f</run_address>
         <size>0x2c</size>
         <input_file_ref idref="fl-2"/>
      </object_component>
      <object_component id="oc-1a5">
         <name>.debug_info</name>
         <load_address>0x144b</load_address>
         <run_address>0x144b</run_address>
         <size>0x2c</size>
         <input_file_ref idref="fl-2"/>
      </object_component>
      <object_component id="oc-109">
         <name>.debug_info</name>
         <load_address>0x1477</load_address>
         <run_address>0x1477</run_address>
         <size>0x297</size>
         <input_file_ref idref="fl-2"/>
      </object_component>
      <object_component id="oc-a6">
         <name>.debug_info</name>
         <load_address>0x170e</load_address>
         <run_address>0x170e</run_address>
         <size>0xbb</size>
         <input_file_ref idref="fl-2"/>
      </object_component>
      <object_component id="oc-e1">
         <name>.debug_info</name>
         <load_address>0x17c9</load_address>
         <run_address>0x17c9</run_address>
         <size>0x53</size>
         <input_file_ref idref="fl-2"/>
      </object_component>
      <object_component id="oc-242">
         <name>.debug_info</name>
         <load_address>0x181c</load_address>
         <run_address>0x181c</run_address>
         <size>0x2c</size>
         <input_file_ref idref="fl-2"/>
      </object_component>
      <object_component id="oc-1b9">
         <name>.debug_info</name>
         <load_address>0x1848</load_address>
         <run_address>0x1848</run_address>
         <size>0x14c</size>
         <input_file_ref idref="fl-2"/>
      </object_component>
      <object_component id="oc-49">
         <name>.debug_info</name>
         <load_address>0x1994</load_address>
         <run_address>0x1994</run_address>
         <size>0x321</size>
         <input_file_ref idref="fl-3"/>
      </object_component>
      <object_component id="oc-10">
         <name>.debug_info</name>
         <load_address>0x1cb5</load_address>
         <run_address>0x1cb5</run_address>
         <size>0xe0</size>
         <input_file_ref idref="fl-3"/>
      </object_component>
      <object_component id="oc-25">
         <name>.debug_info</name>
         <load_address>0x1d95</load_address>
         <run_address>0x1d95</run_address>
         <size>0x110</size>
         <input_file_ref idref="fl-3"/>
      </object_component>
      <object_component id="oc-2b">
         <name>.debug_info</name>
         <load_address>0x1ea5</load_address>
         <run_address>0x1ea5</run_address>
         <size>0x101</size>
         <input_file_ref idref="fl-3"/>
      </object_component>
      <object_component id="oc-37">
         <name>.debug_info</name>
         <load_address>0x1fa6</load_address>
         <run_address>0x1fa6</run_address>
         <size>0x119</size>
         <input_file_ref idref="fl-3"/>
      </object_component>
      <object_component id="oc-31">
         <name>.debug_info</name>
         <load_address>0x20bf</load_address>
         <run_address>0x20bf</run_address>
         <size>0x107</size>
         <input_file_ref idref="fl-3"/>
      </object_component>
      <object_component id="oc-344">
         <name>.debug_info</name>
         <load_address>0x21c6</load_address>
         <run_address>0x21c6</run_address>
         <size>0x5b7</size>
         <input_file_ref idref="fl-6"/>
      </object_component>
      <object_component id="oc-13f">
         <name>.debug_info</name>
         <load_address>0x277d</load_address>
         <run_address>0x277d</run_address>
         <size>0x146</size>
         <input_file_ref idref="fl-6"/>
      </object_component>
      <object_component id="oc-226">
         <name>.debug_info</name>
         <load_address>0x28c3</load_address>
         <run_address>0x28c3</run_address>
         <size>0x271</size>
         <input_file_ref idref="fl-6"/>
      </object_component>
      <object_component id="oc-378">
         <name>.debug_info</name>
         <load_address>0x2b34</load_address>
         <run_address>0x2b34</run_address>
         <size>0x54a</size>
         <input_file_ref idref="fl-7"/>
      </object_component>
      <object_component id="oc-14b">
         <name>.debug_info</name>
         <load_address>0x307e</load_address>
         <run_address>0x307e</run_address>
         <size>0x14b</size>
         <input_file_ref idref="fl-7"/>
      </object_component>
      <object_component id="oc-234">
         <name>.debug_info</name>
         <load_address>0x31c9</load_address>
         <run_address>0x31c9</run_address>
         <size>0x25b</size>
         <input_file_ref idref="fl-7"/>
      </object_component>
      <object_component id="oc-376">
         <name>.debug_info</name>
         <load_address>0x3424</load_address>
         <run_address>0x3424</run_address>
         <size>0x7ab</size>
         <input_file_ref idref="fl-8"/>
      </object_component>
      <object_component id="oc-145">
         <name>.debug_info</name>
         <load_address>0x3bcf</load_address>
         <run_address>0x3bcf</run_address>
         <size>0x164</size>
         <input_file_ref idref="fl-8"/>
      </object_component>
      <object_component id="oc-22d">
         <name>.debug_info</name>
         <load_address>0x3d33</load_address>
         <run_address>0x3d33</run_address>
         <size>0x3d7</size>
         <input_file_ref idref="fl-8"/>
      </object_component>
      <object_component id="oc-3b9">
         <name>.debug_info</name>
         <load_address>0x410a</load_address>
         <run_address>0x410a</run_address>
         <size>0x8b</size>
         <input_file_ref idref="fl-8"/>
      </object_component>
      <object_component id="oc-1c5">
         <name>.debug_info</name>
         <load_address>0x4195</load_address>
         <run_address>0x4195</run_address>
         <size>0x307</size>
         <input_file_ref idref="fl-9"/>
      </object_component>
      <object_component id="oc-100">
         <name>.debug_info</name>
         <load_address>0x449c</load_address>
         <run_address>0x449c</run_address>
         <size>0x25a</size>
         <input_file_ref idref="fl-9"/>
      </object_component>
      <object_component id="oc-3fa">
         <name>.debug_info</name>
         <load_address>0x46f6</load_address>
         <run_address>0x46f6</run_address>
         <size>0x285</size>
         <input_file_ref idref="fl-9"/>
      </object_component>
      <object_component id="oc-418">
         <name>.debug_info</name>
         <load_address>0x497b</load_address>
         <run_address>0x497b</run_address>
         <size>0x207</size>
         <input_file_ref idref="fl-9"/>
      </object_component>
      <object_component id="oc-213">
         <name>.debug_info</name>
         <load_address>0x4b82</load_address>
         <run_address>0x4b82</run_address>
         <size>0x1ff</size>
         <input_file_ref idref="fl-9"/>
      </object_component>
      <object_component id="oc-fa">
         <name>.debug_info</name>
         <load_address>0x4d81</load_address>
         <run_address>0x4d81</run_address>
         <size>0x232</size>
         <input_file_ref idref="fl-9"/>
      </object_component>
      <object_component id="oc-1a0">
         <name>.debug_info</name>
         <load_address>0x4fb3</load_address>
         <run_address>0x4fb3</run_address>
         <size>0x110</size>
         <input_file_ref idref="fl-9"/>
      </object_component>
      <object_component id="oc-210">
         <name>.debug_info</name>
         <load_address>0x50c3</load_address>
         <run_address>0x50c3</run_address>
         <size>0x798</size>
         <input_file_ref idref="fl-a"/>
      </object_component>
      <object_component id="oc-2f4">
         <name>.debug_info</name>
         <load_address>0x585b</load_address>
         <run_address>0x585b</run_address>
         <size>0x2d4</size>
         <input_file_ref idref="fl-a"/>
      </object_component>
      <object_component id="oc-43a">
         <name>.debug_info</name>
         <load_address>0x5b2f</load_address>
         <run_address>0x5b2f</run_address>
         <size>0x254</size>
         <input_file_ref idref="fl-a"/>
      </object_component>
      <object_component id="oc-446">
         <name>.debug_info</name>
         <load_address>0x5d83</load_address>
         <run_address>0x5d83</run_address>
         <size>0x251</size>
         <input_file_ref idref="fl-a"/>
      </object_component>
      <object_component id="oc-338">
         <name>.debug_info</name>
         <load_address>0x5fd4</load_address>
         <run_address>0x5fd4</run_address>
         <size>0x57d</size>
         <input_file_ref idref="fl-a"/>
      </object_component>
      <object_component id="oc-2fa">
         <name>.debug_info</name>
         <load_address>0x6551</load_address>
         <run_address>0x6551</run_address>
         <size>0x252</size>
         <input_file_ref idref="fl-a"/>
      </object_component>
      <object_component id="oc-306">
         <name>.debug_info</name>
         <load_address>0x67a3</load_address>
         <run_address>0x67a3</run_address>
         <size>0x2ba</size>
         <input_file_ref idref="fl-a"/>
      </object_component>
      <object_component id="oc-219">
         <name>.debug_info</name>
         <load_address>0x6a5d</load_address>
         <run_address>0x6a5d</run_address>
         <size>0x4ed</size>
         <input_file_ref idref="fl-a"/>
      </object_component>
      <object_component id="oc-20a">
         <name>.debug_info</name>
         <load_address>0x6f4a</load_address>
         <run_address>0x6f4a</run_address>
         <size>0x2d8</size>
         <input_file_ref idref="fl-a"/>
      </object_component>
      <object_component id="oc-133">
         <name>.debug_info</name>
         <load_address>0x7222</load_address>
         <run_address>0x7222</run_address>
         <size>0x336</size>
         <input_file_ref idref="fl-a"/>
      </object_component>
      <object_component id="oc-139">
         <name>.debug_info</name>
         <load_address>0x7558</load_address>
         <run_address>0x7558</run_address>
         <size>0x295</size>
         <input_file_ref idref="fl-a"/>
      </object_component>
      <object_component id="oc-2e1">
         <name>.debug_info</name>
         <load_address>0x77ed</load_address>
         <run_address>0x77ed</run_address>
         <size>0x1cd</size>
         <input_file_ref idref="fl-a"/>
      </object_component>
      <object_component id="oc-e0">
         <name>.debug_info</name>
         <load_address>0x79ba</load_address>
         <run_address>0x79ba</run_address>
         <size>0x77f</size>
         <input_file_ref idref="fl-b"/>
      </object_component>
      <object_component id="oc-8c">
         <name>.debug_info</name>
         <load_address>0x8139</load_address>
         <run_address>0x8139</run_address>
         <size>0x32b</size>
         <input_file_ref idref="fl-b"/>
      </object_component>
      <object_component id="oc-f0">
         <name>.debug_info</name>
         <load_address>0x8464</load_address>
         <run_address>0x8464</run_address>
         <size>0x127</size>
         <input_file_ref idref="fl-b"/>
      </object_component>
      <object_component id="oc-426">
         <name>.debug_info</name>
         <load_address>0x858b</load_address>
         <run_address>0x858b</run_address>
         <size>0x127</size>
         <input_file_ref idref="fl-b"/>
      </object_component>
      <object_component id="oc-429">
         <name>.debug_info</name>
         <load_address>0x86b2</load_address>
         <run_address>0x86b2</run_address>
         <size>0x127</size>
         <input_file_ref idref="fl-b"/>
      </object_component>
      <object_component id="oc-106">
         <name>.debug_info</name>
         <load_address>0x87d9</load_address>
         <run_address>0x87d9</run_address>
         <size>0x169</size>
         <input_file_ref idref="fl-b"/>
      </object_component>
      <object_component id="oc-3dc">
         <name>.debug_info</name>
         <load_address>0x8942</load_address>
         <run_address>0x8942</run_address>
         <size>0x127</size>
         <input_file_ref idref="fl-b"/>
      </object_component>
      <object_component id="oc-42c">
         <name>.debug_info</name>
         <load_address>0x8a69</load_address>
         <run_address>0x8a69</run_address>
         <size>0x135</size>
         <input_file_ref idref="fl-b"/>
      </object_component>
      <object_component id="oc-406">
         <name>.debug_info</name>
         <load_address>0x8b9e</load_address>
         <run_address>0x8b9e</run_address>
         <size>0x129</size>
         <input_file_ref idref="fl-b"/>
      </object_component>
      <object_component id="oc-f4">
         <name>.debug_info</name>
         <load_address>0x8cc7</load_address>
         <run_address>0x8cc7</run_address>
         <size>0x205</size>
         <input_file_ref idref="fl-b"/>
      </object_component>
      <object_component id="oc-99">
         <name>.debug_info</name>
         <load_address>0x8ecc</load_address>
         <run_address>0x8ecc</run_address>
         <size>0x2d5</size>
         <input_file_ref idref="fl-b"/>
      </object_component>
      <object_component id="oc-2bc">
         <name>.debug_info</name>
         <load_address>0x91a1</load_address>
         <run_address>0x91a1</run_address>
         <size>0x29d</size>
         <input_file_ref idref="fl-b"/>
      </object_component>
      <object_component id="oc-2d3">
         <name>.debug_info</name>
         <load_address>0x943e</load_address>
         <run_address>0x943e</run_address>
         <size>0x2a6</size>
         <input_file_ref idref="fl-b"/>
      </object_component>
      <object_component id="oc-40a">
         <name>.debug_info</name>
         <load_address>0x96e4</load_address>
         <run_address>0x96e4</run_address>
         <size>0x287</size>
         <input_file_ref idref="fl-b"/>
      </object_component>
      <object_component id="oc-400">
         <name>.debug_info</name>
         <load_address>0x996b</load_address>
         <run_address>0x996b</run_address>
         <size>0x260</size>
         <input_file_ref idref="fl-b"/>
      </object_component>
      <object_component id="oc-326">
         <name>.debug_info</name>
         <load_address>0x9bcb</load_address>
         <run_address>0x9bcb</run_address>
         <size>0x1f8</size>
         <input_file_ref idref="fl-b"/>
      </object_component>
      <object_component id="oc-30d">
         <name>.debug_info</name>
         <load_address>0x9dc3</load_address>
         <run_address>0x9dc3</run_address>
         <size>0x2eb</size>
         <input_file_ref idref="fl-b"/>
      </object_component>
      <object_component id="oc-313">
         <name>.debug_info</name>
         <load_address>0xa0ae</load_address>
         <run_address>0xa0ae</run_address>
         <size>0x2e7</size>
         <input_file_ref idref="fl-b"/>
      </object_component>
      <object_component id="oc-31f">
         <name>.debug_info</name>
         <load_address>0xa395</load_address>
         <run_address>0xa395</run_address>
         <size>0x26c</size>
         <input_file_ref idref="fl-b"/>
      </object_component>
      <object_component id="oc-220">
         <name>.debug_info</name>
         <load_address>0xa601</load_address>
         <run_address>0xa601</run_address>
         <size>0x4a2</size>
         <input_file_ref idref="fl-b"/>
      </object_component>
      <object_component id="oc-2e8">
         <name>.debug_info</name>
         <load_address>0xaaa3</load_address>
         <run_address>0xaaa3</run_address>
         <size>0x21b</size>
         <input_file_ref idref="fl-b"/>
      </object_component>
      <object_component id="oc-2ee">
         <name>.debug_info</name>
         <load_address>0xacbe</load_address>
         <run_address>0xacbe</run_address>
         <size>0x2ef</size>
         <input_file_ref idref="fl-b"/>
      </object_component>
      <object_component id="oc-92">
         <name>.debug_info</name>
         <load_address>0xafad</load_address>
         <run_address>0xafad</run_address>
         <size>0x266</size>
         <input_file_ref idref="fl-b"/>
      </object_component>
      <object_component id="oc-2b0">
         <name>.debug_info</name>
         <load_address>0xb213</load_address>
         <run_address>0xb213</run_address>
         <size>0x1db</size>
         <input_file_ref idref="fl-b"/>
      </object_component>
      <object_component id="oc-157">
         <name>.debug_info</name>
         <load_address>0xb3ee</load_address>
         <run_address>0xb3ee</run_address>
         <size>0x216</size>
         <input_file_ref idref="fl-b"/>
      </object_component>
      <object_component id="oc-440">
         <name>.debug_info</name>
         <load_address>0xb604</load_address>
         <run_address>0xb604</run_address>
         <size>0x26c</size>
         <input_file_ref idref="fl-b"/>
      </object_component>
      <object_component id="oc-300">
         <name>.debug_info</name>
         <load_address>0xb870</load_address>
         <run_address>0xb870</run_address>
         <size>0x2cc</size>
         <input_file_ref idref="fl-b"/>
      </object_component>
      <object_component id="oc-3f2">
         <name>.debug_info</name>
         <load_address>0xbb3c</load_address>
         <run_address>0xbb3c</run_address>
         <size>0x1dd</size>
         <input_file_ref idref="fl-b"/>
      </object_component>
      <object_component id="oc-33e">
         <name>.debug_info</name>
         <load_address>0xbd19</load_address>
         <run_address>0xbd19</run_address>
         <size>0x349</size>
         <input_file_ref idref="fl-b"/>
      </object_component>
      <object_component id="oc-44c">
         <name>.debug_info</name>
         <load_address>0xc062</load_address>
         <run_address>0xc062</run_address>
         <size>0x1fb</size>
         <input_file_ref idref="fl-b"/>
      </object_component>
      <object_component id="oc-46e">
         <name>.debug_info</name>
         <load_address>0xc25d</load_address>
         <run_address>0xc25d</run_address>
         <size>0x21a</size>
         <input_file_ref idref="fl-b"/>
      </object_component>
      <object_component id="oc-392">
         <name>.debug_info</name>
         <load_address>0xc477</load_address>
         <run_address>0xc477</run_address>
         <size>0x2b0</size>
         <input_file_ref idref="fl-b"/>
      </object_component>
      <object_component id="oc-24e">
         <name>.debug_info</name>
         <load_address>0xc727</load_address>
         <run_address>0xc727</run_address>
         <size>0x213</size>
         <input_file_ref idref="fl-b"/>
      </object_component>
      <object_component id="oc-1aa">
         <name>.debug_info</name>
         <load_address>0xc93a</load_address>
         <run_address>0xc93a</run_address>
         <size>0x169</size>
         <input_file_ref idref="fl-b"/>
      </object_component>
      <object_component id="oc-1b4">
         <name>.debug_info</name>
         <load_address>0xcaa3</load_address>
         <run_address>0xcaa3</run_address>
         <size>0x46</size>
         <input_file_ref idref="fl-b"/>
      </object_component>
      <object_component id="oc-e8">
         <name>.debug_info</name>
         <load_address>0xcae9</load_address>
         <run_address>0xcae9</run_address>
         <size>0x3e7</size>
         <input_file_ref idref="fl-c"/>
      </object_component>
      <object_component id="oc-8f">
         <name>.debug_info</name>
         <load_address>0xced0</load_address>
         <run_address>0xced0</run_address>
         <size>0x155</size>
         <input_file_ref idref="fl-c"/>
      </object_component>
      <object_component id="oc-38e">
         <name>.debug_info</name>
         <load_address>0xd025</load_address>
         <run_address>0xd025</run_address>
         <size>0x13c</size>
         <input_file_ref idref="fl-c"/>
      </object_component>
      <object_component id="oc-42">
         <name>.debug_info</name>
         <load_address>0xd161</load_address>
         <run_address>0xd161</run_address>
         <size>0x23b</size>
         <input_file_ref idref="fl-c"/>
      </object_component>
      <object_component id="oc-388">
         <name>.debug_info</name>
         <load_address>0xd39c</load_address>
         <run_address>0xd39c</run_address>
         <size>0x22c</size>
         <input_file_ref idref="fl-c"/>
      </object_component>
      <object_component id="oc-248">
         <name>.debug_info</name>
         <load_address>0xd5c8</load_address>
         <run_address>0xd5c8</run_address>
         <size>0x274</size>
         <input_file_ref idref="fl-c"/>
      </object_component>
      <object_component id="oc-2d9">
         <name>.debug_info</name>
         <load_address>0xd83c</load_address>
         <run_address>0xd83c</run_address>
         <size>0x21e</size>
         <input_file_ref idref="fl-c"/>
      </object_component>
      <object_component id="oc-2cd">
         <name>.debug_info</name>
         <load_address>0xda5a</load_address>
         <run_address>0xda5a</run_address>
         <size>0x220</size>
         <input_file_ref idref="fl-c"/>
      </object_component>
      <object_component id="oc-319">
         <name>.debug_info</name>
         <load_address>0xdc7a</load_address>
         <run_address>0xdc7a</run_address>
         <size>0x2d5</size>
         <input_file_ref idref="fl-c"/>
      </object_component>
      <object_component id="oc-41f">
         <name>.debug_info</name>
         <load_address>0xdf4f</load_address>
         <run_address>0xdf4f</run_address>
         <size>0x20e</size>
         <input_file_ref idref="fl-c"/>
      </object_component>
      <object_component id="oc-3d">
         <name>.debug_info</name>
         <load_address>0xe15d</load_address>
         <run_address>0xe15d</run_address>
         <size>0x28d</size>
         <input_file_ref idref="fl-d"/>
      </object_component>
      <object_component id="oc-2cb">
         <name>.debug_info</name>
         <load_address>0xe3ea</load_address>
         <run_address>0xe3ea</run_address>
         <size>0x3b0</size>
         <input_file_ref idref="fl-e"/>
      </object_component>
      <object_component id="oc-3d8">
         <name>.debug_info</name>
         <load_address>0xe79a</load_address>
         <run_address>0xe79a</run_address>
         <size>0x123</size>
         <input_file_ref idref="fl-e"/>
      </object_component>
      <object_component id="oc-2c5">
         <name>.debug_info</name>
         <load_address>0xe8bd</load_address>
         <run_address>0xe8bd</run_address>
         <size>0x123</size>
         <input_file_ref idref="fl-e"/>
      </object_component>
      <object_component id="oc-2c8">
         <name>.debug_info</name>
         <load_address>0xe9e0</load_address>
         <run_address>0xe9e0</run_address>
         <size>0x11f</size>
         <input_file_ref idref="fl-e"/>
      </object_component>
      <object_component id="oc-2c2">
         <name>.debug_info</name>
         <load_address>0xeaff</load_address>
         <run_address>0xeaff</run_address>
         <size>0x13d</size>
         <input_file_ref idref="fl-e"/>
      </object_component>
      <object_component id="oc-411">
         <name>.debug_info</name>
         <load_address>0xec3c</load_address>
         <run_address>0xec3c</run_address>
         <size>0x297</size>
         <input_file_ref idref="fl-e"/>
      </object_component>
      <object_component id="oc-2b6">
         <name>.debug_info</name>
         <load_address>0xeed3</load_address>
         <run_address>0xeed3</run_address>
         <size>0x208</size>
         <input_file_ref idref="fl-e"/>
      </object_component>
      <object_component id="oc-204">
         <name>.debug_info</name>
         <load_address>0xf0db</load_address>
         <run_address>0xf0db</run_address>
         <size>0x37a</size>
         <input_file_ref idref="fl-e"/>
      </object_component>
      <object_component id="oc-3e3">
         <name>.debug_info</name>
         <load_address>0xf455</load_address>
         <run_address>0xf455</run_address>
         <size>0x62</size>
         <input_file_ref idref="fl-e"/>
      </object_component>
      <object_component id="oc-241">
         <name>.debug_info</name>
         <load_address>0xf4b7</load_address>
         <run_address>0xf4b7</run_address>
         <size>0x2c6</size>
         <input_file_ref idref="fl-f"/>
      </object_component>
      <object_component id="oc-284">
         <name>.debug_info</name>
         <load_address>0xf77d</load_address>
         <run_address>0xf77d</run_address>
         <size>0x107</size>
         <input_file_ref idref="fl-f"/>
      </object_component>
      <object_component id="oc-281">
         <name>.debug_info</name>
         <load_address>0xf884</load_address>
         <run_address>0xf884</run_address>
         <size>0x10f</size>
         <input_file_ref idref="fl-f"/>
      </object_component>
      <object_component id="oc-27e">
         <name>.debug_info</name>
         <load_address>0xf993</load_address>
         <run_address>0xf993</run_address>
         <size>0x113</size>
         <input_file_ref idref="fl-f"/>
      </object_component>
      <object_component id="oc-37a">
         <name>.debug_info</name>
         <load_address>0xfaa6</load_address>
         <run_address>0xfaa6</run_address>
         <size>0x210</size>
         <input_file_ref idref="fl-f"/>
      </object_component>
      <object_component id="oc-23b">
         <name>.debug_info</name>
         <load_address>0xfcb6</load_address>
         <run_address>0xfcb6</run_address>
         <size>0x342</size>
         <input_file_ref idref="fl-f"/>
      </object_component>
      <object_component id="oc-151">
         <name>.debug_info</name>
         <load_address>0xfff8</load_address>
         <run_address>0xfff8</run_address>
         <size>0x1dd</size>
         <input_file_ref idref="fl-f"/>
      </object_component>
      <object_component id="oc-286">
         <name>.debug_info</name>
         <load_address>0x101d5</load_address>
         <run_address>0x101d5</run_address>
         <size>0x25b</size>
         <input_file_ref idref="fl-f"/>
      </object_component>
      <object_component id="oc-1dc">
         <name>.debug_info</name>
         <load_address>0x10430</load_address>
         <run_address>0x10430</run_address>
         <size>0x273</size>
         <input_file_ref idref="fl-f"/>
      </object_component>
      <object_component id="oc-c1">
         <name>.debug_info</name>
         <load_address>0x106a3</load_address>
         <run_address>0x106a3</run_address>
         <size>0x13f</size>
         <input_file_ref idref="fl-cb"/>
      </object_component>
      <object_component id="oc-380">
         <name>.debug_info</name>
         <load_address>0x107e2</load_address>
         <run_address>0x107e2</run_address>
         <size>0x13a</size>
         <input_file_ref idref="fl-cc"/>
      </object_component>
      <object_component id="oc-56">
         <name>.debug_info</name>
         <load_address>0x1091c</load_address>
         <run_address>0x1091c</run_address>
         <size>0x111</size>
         <input_file_ref idref="fl-ce"/>
      </object_component>
      <object_component id="oc-bf">
         <name>.debug_info</name>
         <load_address>0x10a2d</load_address>
         <run_address>0x10a2d</run_address>
         <size>0x313</size>
         <input_file_ref idref="fl-cf"/>
      </object_component>
      <object_component id="oc-68">
         <name>.debug_info</name>
         <load_address>0x10d40</load_address>
         <run_address>0x10d40</run_address>
         <size>0x1aa</size>
         <input_file_ref idref="fl-cf"/>
      </object_component>
      <object_component id="oc-ba">
         <name>.debug_info</name>
         <load_address>0x10eea</load_address>
         <run_address>0x10eea</run_address>
         <size>0x46</size>
         <input_file_ref idref="fl-cf"/>
      </object_component>
      <object_component id="oc-117">
         <name>.debug_info</name>
         <load_address>0x10f30</load_address>
         <run_address>0x10f30</run_address>
         <size>0x2c</size>
         <input_file_ref idref="fl-cf"/>
      </object_component>
      <object_component id="oc-60">
         <name>.debug_info</name>
         <load_address>0x10f5c</load_address>
         <run_address>0x10f5c</run_address>
         <size>0x29d</size>
         <input_file_ref idref="fl-d0"/>
      </object_component>
      <object_component id="oc-19">
         <name>.debug_info</name>
         <load_address>0x111f9</load_address>
         <run_address>0x111f9</run_address>
         <size>0x1df</size>
         <input_file_ref idref="fl-d0"/>
      </object_component>
      <object_component id="oc-5b">
         <name>.debug_info</name>
         <load_address>0x113d8</load_address>
         <run_address>0x113d8</run_address>
         <size>0x46</size>
         <input_file_ref idref="fl-d0"/>
      </object_component>
      <object_component id="oc-b2">
         <name>.debug_info</name>
         <load_address>0x1141e</load_address>
         <run_address>0x1141e</run_address>
         <size>0x2c</size>
         <input_file_ref idref="fl-d0"/>
      </object_component>
      <object_component id="oc-b0">
         <name>.debug_info</name>
         <load_address>0x1144a</load_address>
         <run_address>0x1144a</run_address>
         <size>0x293</size>
         <input_file_ref idref="fl-d1"/>
      </object_component>
      <object_component id="oc-13">
         <name>.debug_info</name>
         <load_address>0x116dd</load_address>
         <run_address>0x116dd</run_address>
         <size>0x245</size>
         <input_file_ref idref="fl-d1"/>
      </object_component>
      <object_component id="oc-4b">
         <name>.debug_info</name>
         <load_address>0x11922</load_address>
         <run_address>0x11922</run_address>
         <size>0x60</size>
         <input_file_ref idref="fl-d1"/>
      </object_component>
      <object_component id="oc-110">
         <name>.debug_info</name>
         <load_address>0x11982</load_address>
         <run_address>0x11982</run_address>
         <size>0x46</size>
         <input_file_ref idref="fl-d1"/>
      </object_component>
      <object_component id="oc-ab">
         <name>.debug_info</name>
         <load_address>0x119c8</load_address>
         <run_address>0x119c8</run_address>
         <size>0x39</size>
         <input_file_ref idref="fl-d1"/>
      </object_component>
      <object_component id="oc-22">
         <name>.debug_info</name>
         <load_address>0x11a01</load_address>
         <run_address>0x11a01</run_address>
         <size>0x100</size>
         <input_file_ref idref="fl-d2"/>
      </object_component>
      <object_component id="oc-74">
         <name>.debug_info</name>
         <load_address>0x11b01</load_address>
         <run_address>0x11b01</run_address>
         <size>0x1a4</size>
         <input_file_ref idref="fl-d2"/>
      </object_component>
      <object_component id="oc-465">
         <name>.debug_info</name>
         <load_address>0x11ca5</load_address>
         <run_address>0x11ca5</run_address>
         <size>0x10d</size>
         <input_file_ref idref="fl-d3"/>
      </object_component>
      <object_component id="oc-25f">
         <name>.debug_info</name>
         <load_address>0x11db2</load_address>
         <run_address>0x11db2</run_address>
         <size>0x547</size>
         <input_file_ref idref="fl-d4"/>
      </object_component>
      <object_component id="oc-16d">
         <name>.debug_info</name>
         <load_address>0x122f9</load_address>
         <run_address>0x122f9</run_address>
         <size>0x19b</size>
         <input_file_ref idref="fl-d4"/>
      </object_component>
      <object_component id="oc-3a8">
         <name>.debug_info</name>
         <load_address>0x12494</load_address>
         <run_address>0x12494</run_address>
         <size>0x39</size>
         <input_file_ref idref="fl-d4"/>
      </object_component>
      <object_component id="oc-477">
         <name>.debug_info</name>
         <load_address>0x124cd</load_address>
         <run_address>0x124cd</run_address>
         <size>0x39</size>
         <input_file_ref idref="fl-d4"/>
      </object_component>
      <object_component id="oc-3ad">
         <name>.debug_info</name>
         <load_address>0x12506</load_address>
         <run_address>0x12506</run_address>
         <size>0x39</size>
         <input_file_ref idref="fl-d4"/>
      </object_component>
      <object_component id="oc-3b2">
         <name>.debug_info</name>
         <load_address>0x1253f</load_address>
         <run_address>0x1253f</run_address>
         <size>0xcd</size>
         <input_file_ref idref="fl-d4"/>
      </object_component>
      <object_component id="oc-c7">
         <name>.debug_info</name>
         <load_address>0x1260c</load_address>
         <run_address>0x1260c</run_address>
         <size>0x148</size>
         <input_file_ref idref="fl-d5"/>
      </object_component>
      <object_component id="oc-161">
         <name>.debug_info</name>
         <load_address>0x12754</load_address>
         <run_address>0x12754</run_address>
         <size>0x117</size>
         <input_file_ref idref="fl-d7"/>
      </object_component>
      <object_component id="oc-456">
         <name>.debug_info</name>
         <load_address>0x1286b</load_address>
         <run_address>0x1286b</run_address>
         <size>0x24d</size>
         <input_file_ref idref="fl-da"/>
      </object_component>
      <object_component id="oc-352">
         <name>.debug_info</name>
         <load_address>0x12ab8</load_address>
         <run_address>0x12ab8</run_address>
         <size>0x333</size>
         <input_file_ref idref="fl-da"/>
      </object_component>
      <object_component id="oc-358">
         <name>.debug_info</name>
         <load_address>0x12deb</load_address>
         <run_address>0x12deb</run_address>
         <size>0x2a0</size>
         <input_file_ref idref="fl-da"/>
      </object_component>
      <object_component id="oc-370">
         <name>.debug_info</name>
         <load_address>0x1308b</load_address>
         <run_address>0x1308b</run_address>
         <size>0x2ff</size>
         <input_file_ref idref="fl-da"/>
[...]
               <start_address>0x20000000</start_address>
               <size>0x76f8</size>
               <logical_group_ref idref="lg-b"/>
            </allocated_space>
            <allocated_space>
               <start_address>0x200076f8</start_address>
               <size>0x200</size>
               <logical_group_ref idref="lg-d"/>
            </allocated_space>
            <allocated_space>
               <start_address>0x200078f8</start_address>
               <size>0x44</size>
               <logical_group_ref idref="lg-a"/>
            </allocated_space>
            <available_space>
               <start_address>0x2000793c</start_address>
               <size>0x6c4</size>
            </available_space>
         </usage_details>
      </memory_area>
   </placement_map>
   <cptbl_list>
      <cptbl>
         <name>__TI_cinit_table</name>
         <cprec>
            <name>.data</name>
            <load_address>0x2230</load_address>
            <load_size>0xf</load_size>
            <run_address>0x200078f8</run_address>
            <run_size>0x44</run_size>
            <compression>lzss</compression>
         </cprec>
         <cprec>
            <name>.bss</name>
            <load_address>0x2250</load_address>
            <load_size>0x8</load_size>
            <run_address>0x20000000</run_address>
            <run_size>0x76f8</run_size>
            <compression>zero_init</compression>
         </cprec>
      </cptbl>
   </cptbl_list>
   <handler_table>
      <handler_table_name>__TI_handler_table</handler_table_name>
      <handler>
         <index>0x0</index>
         <name>__TI_decompress_lzss</name>
      </handler>
      <handler>
         <index>0x1</index>
         <name>__TI_decompress_none</name>
      </handler>
      <handler>
         <index>0x2</index>
         <name>__TI_zero_init</name>
      </handler>
   </handler_table>
   <symbol_table>
      <symbol id="sm-1">
         <name>__STACK_TOP</name>
         <value>0x200078f8</value>
      </symbol>
      <symbol id="sm-2">
         <name>__TI_CINIT_Base</name>
         <value>0x2258</value>
      </symbol>
      <symbol id="sm-3">
         <name>__TI_CINIT_Limit</name>
         <value>0x2268</value>
      </symbol>
      <symbol id="sm-4">
         <name>__TI_Handler_Table_Base</name>
         <value>0x2240</value>
      </symbol>
      <symbol id="sm-5">
         <name>__TI_Handler_Table_Limit</name>
         <value>0x224c</value>
      </symbol>
      <symbol id="sm-6">
         <name>binit</name>
         <value>0xffffffff</value>
      </symbol>
      <symbol id="sm-7">
         <name>__binit__</name>
         <value>0xffffffff</value>
      </symbol>
      <symbol id="sm-8">
         <name>__STACK_SIZE</name>
         <value>0x200</value>
      </symbol>
      <symbol id="sm-9">
         <name>__STACK_END</name>
         <value>0x200078f8</value>
      </symbol>
      <symbol id="sm-a">
         <name>__c_args__</name>
         <value>0xffffffff</value>
      </symbol>
      <symbol id="sm-b">
         <name>__TI_pprof_out_hndl</name>
         <value>0xffffffff</value>
      </symbol>
      <symbol id="sm-c">
         <name>__TI_prof_data_start</name>
         <value>0xffffffff</value>
      </symbol>
      <symbol id="sm-d">
         <name>__TI_prof_data_size</name>
         <value>0xffffffff</value>
      </symbol>
      <symbol id="sm-9f">
         <name>g_pUARTSemaphore</name>
         <value>0x200076ec</value>
      </symbol>
      <symbol id="sm-a0">
         <name>grava_Queue</name>
         <value>0x200076f0</value>
      </symbol>
      <symbol id="sm-a1">
         <name>serial_Queue</name>
         <value>0x200076f4</value>
      </symbol>
      <symbol id="sm-a2">
         <name>vApplicationStackOverflowHook</name>
         <value>0x16af</value>
         <object_component_ref idref="oc-e9"/>
      </symbol>
      <symbol id="sm-a3">
         <name>ConfigureEEPROM</name>
         <value>0x208d</value>
         <object_component_ref idref="oc-12c"/>
      </symbol>
      <symbol id="sm-a4">
         <name>main</name>
         <value>0xeb1</value>
         <object_component_ref idref="oc-cc"/>
      </symbol>
      <symbol id="sm-a5">
         <name>ConfigureUART</name>
         <value>0x1585</value>
         <object_component_ref idref="oc-120"/>
      </symbol>
      <symbol id="sm-a6">
         <name>ConfigureLED</name>
         <value>0x1e01</value>
         <object_component_ref idref="oc-126"/>
      </symbol>
      <symbol id="sm-d7">
         <name>ResetISR</name>
         <value>0x21f5</value>
         <object_component_ref idref="oc-24"/>
      </symbol>
      <symbol id="sm-d8">
         <name>g_pfnVectors</name>
         <value>0x0</value>
         <object_component_ref idref="oc-f"/>
      </symbol>
      <symbol id="sm-fe">
         <name>GravaTaskInit</name>
         <value>0x1d21</value>
         <object_component_ref idref="oc-13e"/>
      </symbol>
      <symbol id="sm-125">
         <name>SerialTaskInit</name>
         <value>0x1d59</value>
         <object_component_ref idref="oc-14a"/>
      </symbol>
      <symbol id="sm-14f">
         <name>TemperatureTaskInit</name>
         <value>0x1aa9</value>
         <object_component_ref idref="oc-144"/>
      </symbol>
      <symbol id="sm-184">
         <name>uxListRemove</name>
         <value>0x1fcb</value>
         <object_component_ref idref="oc-f9"/>
      </symbol>
      <symbol id="sm-185">
         <name>vListInsert</name>
         <value>0x1dc9</value>
         <object_component_ref idref="oc-3f9"/>
      </symbol>
      <symbol id="sm-186">
         <name>vListInitialiseItem</name>
         <value>0x2207</value>
         <object_component_ref idref="oc-417"/>
      </symbol>
      <symbol id="sm-187">
         <name>vListInsertEnd</name>
         <value>0x20d5</value>
         <object_component_ref idref="oc-ff"/>
      </symbol>
      <symbol id="sm-188">
         <name>vListInitialise</name>
         <value>0x211d</value>
         <object_component_ref idref="oc-212"/>
      </symbol>
      <symbol id="sm-218">
         <name>xQueueGenericCreate</name>
         <value>0x1c71</value>
         <object_component_ref idref="oc-132"/>
      </symbol>
      <symbol id="sm-219">
         <name>xQueueCreateMutex</name>
         <value>0x1a15</value>
         <object_component_ref idref="oc-138"/>
      </symbol>
      <symbol id="sm-21a">
         <name>xQueueGenericSend</name>
         <value>0x9e9</value>
         <object_component_ref idref="oc-218"/>
      </symbol>
      <symbol id="sm-21b">
         <name>xQueueGenericReset</name>
         <value>0x1245</value>
         <object_component_ref idref="oc-209"/>
      </symbol>
      <symbol id="sm-21c">
         <name>xQueueGenericReceive</name>
         <value>0x6cd</value>
         <object_component_ref idref="oc-337"/>
      </symbol>
      <symbol id="sm-3e0">
         <name>vTaskSuspendAll</name>
         <value>0x217d</value>
         <object_component_ref idref="oc-2af"/>
      </symbol>
      <symbol id="sm-3e1">
         <name>vTaskPriorityInherit</name>
         <value>0x10a5</value>
         <object_component_ref idref="oc-43f"/>
      </symbol>
      <symbol id="sm-3e2">
         <name>vTaskPlaceOnEventList</name>
         <value>0x15e9</value>
         <object_component_ref idref="oc-2ff"/>
      </symbol>
      <symbol id="sm-3e3">
         <name>xTaskCheckForTimeOut</name>
         <value>0x18d5</value>
         <object_component_ref idref="oc-2ed"/>
      </symbol>
      <symbol id="sm-3e4">
         <name>xTaskPriorityDisinherit</name>
         <value>0x13bd</value>
         <object_component_ref idref="oc-409"/>
      </symbol>
      <symbol id="sm-3e5">
         <name>vTaskStartScheduler</name>
         <value>0x1771</value>
         <object_component_ref idref="oc-156"/>
      </symbol>
      <symbol id="sm-3e6">
         <name>pvTaskIncrementMutexHeldCount</name>
         <value>0x20bd</value>
         <object_component_ref idref="oc-44b"/>
      </symbol>
      <symbol id="sm-3e7">
         <name>vTaskDelayUntil</name>
         <value>0x11c1</value>
         <object_component_ref idref="oc-33d"/>
      </symbol>
      <symbol id="sm-3e8">
         <name>vTaskMissedYield</name>
         <value>0x21c5</value>
         <object_component_ref idref="oc-3f1"/>
      </symbol>
      <symbol id="sm-3e9">
         <name>xTaskResumeAll</name>
         <value>0xad1</value>
         <object_component_ref idref="oc-2bb"/>
      </symbol>
      <symbol id="sm-3ea">
         <name>xTaskGetTickCount</name>
         <value>0x21d1</value>
         <object_component_ref idref="oc-325"/>
      </symbol>
      <symbol id="sm-3eb">
         <name>xTaskGenericCreate</name>
         <value>0x8e9</value>
         <object_component_ref idref="oc-21f"/>
      </symbol>
      <symbol id="sm-3ec">
         <name>pxCurrentTCB</name>
         <value>0x200078f8</value>
         <object_component_ref idref="oc-8b"/>
      </symbol>
      <symbol id="sm-3ed">
         <name>vTaskSetTimeOutState</name>
         <value>0x2105</value>
         <object_component_ref idref="oc-2e7"/>
      </symbol>
      <symbol id="sm-3ee">
         <name>xTaskIncrementTick</name>
         <value>0x7e5</value>
         <object_component_ref idref="oc-98"/>
      </symbol>
      <symbol id="sm-3ef">
         <name>vTaskSwitchContext</name>
         <value>0x1135</value>
         <object_component_ref idref="oc-91"/>
      </symbol>
      <symbol id="sm-3f0">
         <name>xTaskRemoveFromEventList</name>
         <value>0x1435</value>
         <object_component_ref idref="oc-2d2"/>
      </symbol>
      <symbol id="sm-44a">
         <name>ulMaxSyscallInterruptPriority</name>
         <value>0x222c</value>
         <object_component_ref idref="oc-8e"/>
      </symbol>
      <symbol id="sm-44b">
         <name>vPortSetupTimerInterrupt</name>
         <value>0x2135</value>
         <object_component_ref idref="oc-387"/>
      </symbol>
      <symbol id="sm-44c">
         <name>xPortSysTickHandler</name>
         <value>0x1efd</value>
         <object_component_ref idref="oc-41"/>
      </symbol>
      <symbol id="sm-44d">
         <name>pxPortInitialiseStack</name>
         <value>0x1f7d</value>
         <object_component_ref idref="oc-318"/>
      </symbol>
      <symbol id="sm-44e">
         <name>vPortExitCritical</name>
         <value>0x20ed</value>
         <object_component_ref idref="oc-2d8"/>
      </symbol>
      <symbol id="sm-44f">
         <name>xPortStartScheduler</name>
         <value>0x1bf5</value>
         <object_component_ref idref="oc-247"/>
      </symbol>
      <symbol id="sm-450">
         <name>vPortEnterCritical</name>
         <value>0x2025</value>
         <object_component_ref idref="oc-2cc"/>
      </symbol>
      <symbol id="sm-45f">
         <name>vPortStartFirstTask</name>
         <value>0xc5d</value>
         <object_component_ref idref="oc-3c"/>
      </symbol>
      <symbol id="sm-460">
         <name>ulPortGetIPSR</name>
         <value>0xbc5</value>
         <object_component_ref idref="oc-3c"/>
      </symbol>
      <symbol id="sm-461">
         <name>vPortEnableVFP</name>
         <value>0xc79</value>
         <object_component_ref idref="oc-3c"/>
      </symbol>
      <symbol id="sm-462">
         <name>xPortPendSVHandler</name>
         <value>0xbdd</value>
         <object_component_ref idref="oc-3c"/>
      </symbol>
      <symbol id="sm-463">
         <name>vPortSVCHandler</name>
         <value>0xc3d</value>
         <object_component_ref idref="oc-3c"/>
      </symbol>
      <symbol id="sm-4b8">
         <name>pvPortMalloc</name>
         <value>0xf5d</value>
         <object_component_ref idref="oc-203"/>
      </symbol>
      <symbol id="sm-4b9">
         <name>vPortFree</name>
         <value>0x1b31</value>
         <object_component_ref idref="oc-410"/>
      </symbol>
      <symbol id="sm-527">
         <name>UARTStdioConfig</name>
         <value>0x16b1</value>
         <object_component_ref idref="oc-1db"/>
      </symbol>
      <symbol id="sm-528">
         <name>UARTwrite</name>
         <value>0x1a61</value>
         <object_component_ref idref="oc-379"/>
      </symbol>
      <symbol id="sm-529">
         <name>UARTprintf</name>
         <value>0x2041</value>
         <object_component_ref idref="oc-150"/>
      </symbol>
      <symbol id="sm-52a">
         <name>UARTvprintf</name>
         <value>0x26d</value>
         <object_component_ref idref="oc-23a"/>
      </symbol>
      <symbol id="sm-53a">
         <name>__aeabi_memset</name>
         <value>0x1345</value>
         <object_component_ref idref="oc-c0"/>
      </symbol>
      <symbol id="sm-53b">
         <name>memset</name>
         <value>0x134b</value>
         <object_component_ref idref="oc-c0"/>
      </symbol>
      <symbol id="sm-53c">
         <name>__aeabi_memset8</name>
         <value>0x1345</value>
         <object_component_ref idref="oc-c0"/>
      </symbol>
      <symbol id="sm-53d">
         <name>__aeabi_memset4</name>
         <value>0x1345</value>
         <object_component_ref idref="oc-c0"/>
      </symbol>
      <symbol id="sm-53e">
         <name>__aeabi_memclr8</name>
         <value>0x1343</value>
         <object_component_ref idref="oc-c0"/>
      </symbol>
      <symbol id="sm-53f">
         <name>__aeabi_memclr4</name>
         <value>0x1343</value>
         <object_component_ref idref="oc-c0"/>
      </symbol>
      <symbol id="sm-540">
         <name>__aeabi_memclr</name>
         <value>0x1343</value>
         <object_component_ref idref="oc-c0"/>
      </symbol>
      <symbol id="sm-54f">
         <name>__aeabi_uidivmod</name>
         <value>0x1bb5</value>
         <object_component_ref idref="oc-37f"/>
      </symbol>
      <symbol id="sm-550">
         <name>__aeabi_uidiv</name>
         <value>0x1bb5</value>
         <object_component_ref idref="oc-37f"/>
      </symbol>
      <symbol id="sm-56c">
         <name>memcpy</name>
         <value>0x1009</value>
         <object_component_ref idref="oc-55"/>
      </symbol>
      <symbol id="sm-56d">
         <name>__aeabi_memcpy</name>
         <value>0x1009</value>
         <object_component_ref idref="oc-55"/>
      </symbol>
      <symbol id="sm-56e">
         <name>__aeabi_memcpy8</name>
         <value>0x1009</value>
         <object_component_ref idref="oc-55"/>
      </symbol>
      <symbol id="sm-56f">
         <name>__aeabi_memcpy4</name>
         <value>0x1009</value>
         <object_component_ref idref="oc-55"/>
      </symbol>
      <symbol id="sm-586">
         <name>__TI_zero_init</name>
         <value>0x21b7</value>
         <object_component_ref idref="oc-67"/>
      </symbol>
      <symbol id="sm-59d">
         <name>__TI_decompress_none</name>
         <value>0x21a9</value>
         <object_component_ref idref="oc-18"/>
      </symbol>
      <symbol id="sm-5c0">
         <name>__TI_decompress_lzss</name>
         <value>0x151b</value>
         <object_component_ref idref="oc-12"/>
      </symbol>
      <symbol id="sm-5d3">
         <name>__stack</name>
         <value>0x200076f8</value>
         <object_component_ref idref="oc-21"/>
      </symbol>
      <symbol id="sm-5d4">
         <name>_c_int00_noargs</name>
         <value>0x1d91</value>
         <object_component_ref idref="oc-73"/>
      </symbol>
      <symbol id="sm-5de">
         <name>__aeabi_idiv0</name>
         <value>0x1583</value>
         <object_component_ref idref="oc-464"/>
      </symbol>
      <symbol id="sm-5df">
         <name>__aeabi_ldiv0</name>
         <value>0x1583</value>
         <object_component_ref idref="oc-464"/>
      </symbol>
      <symbol id="sm-607">
         <name>__TI_auto_init_nobinit_nopinit</name>
         <value>0x1aed</value>
         <object_component_ref idref="oc-16c"/>
      </symbol>
      <symbol id="sm-611">
         <name>_system_pre_init</name>
         <value>0x220d</value>
         <object_component_ref idref="oc-c6"/>
      </symbol>
      <symbol id="sm-61d">
         <name>C$$EXIT</name>
         <value>0x2211</value>
         <object_component_ref idref="oc-160"/>
      </symbol>
      <symbol id="sm-61e">
         <name>abort</name>
         <value>0x2211</value>
         <object_component_ref idref="oc-160"/>
      </symbol>
      <symbol id="sm-675">
         <name>ADCProcessorTrigger</name>
         <value>0x2075</value>
         <object_component_ref idref="oc-363"/>
      </symbol>
      <symbol id="sm-676">
         <name>ADCSequenceEnable</name>
         <value>0x219b</value>
         <object_component_ref idref="oc-357"/>
      </symbol>
      <symbol id="sm-677">
         <name>ADCSequenceConfigure</name>
         <value>0x1929</value>
         <object_component_ref idref="oc-34b"/>
      </symbol>
      <symbol id="sm-678">
         <name>ADCSequenceStepConfigure</name>
         <value>0x12c9</value>
         <object_component_ref idref="oc-351"/>
      </symbol>
      <symbol id="sm-679">
         <name>ADCIntClear</name>
         <value>0x21dd</value>
         <object_component_ref idref="oc-35d"/>
      </symbol>
      <symbol id="sm-67a">
         <name>ADCHardwareOversampleConfigure</name>
         <value>0x218d</value>
         <object_component_ref idref="oc-345"/>
      </symbol>
      <symbol id="sm-67b">
         <name>ADCIntStatus</name>
         <value>0x1ecd</value>
         <object_component_ref idref="oc-369"/>
      </symbol>
      <symbol id="sm-67c">
         <name>ADCSequenceDataGet</name>
         <value>0x1feb</value>
         <object_component_ref idref="oc-36f"/>
      </symbol>
      <symbol id="sm-6e7">
         <name>EEPROMMassErase</name>
         <value>0x1881</value>
         <object_component_ref idref="oc-1fc"/>
      </symbol>
      <symbol id="sm-6e8">
         <name>EEPROMRead</name>
         <value>0x1ce9</value>
         <object_component_ref idref="oc-331"/>
      </symbol>
      <symbol id="sm-6e9">
         <name>EEPROMProgram</name>
         <value>0xc89</value>
         <object_component_ref idref="oc-32b"/>
      </symbol>
      <symbol id="sm-6ea">
         <name>EEPROMInit</name>
         <value>0x1b75</value>
         <object_component_ref idref="oc-1f6"/>
      </symbol>
      <symbol id="sm-711">
         <name>GPIOPinTypeGPIOOutput</name>
         <value>0x20a5</value>
         <object_component_ref idref="oc-1e8"/>
      </symbol>
      <symbol id="sm-712">
         <name>GPIODirModeSet</name>
         <value>0x1f29</value>
         <object_component_ref idref="oc-292"/>
      </symbol>
      <symbol id="sm-713">
         <name>GPIOPinWrite</name>
         <value>0x21ef</value>
         <object_component_ref idref="oc-1ee"/>
      </symbol>
      <symbol id="sm-714">
         <name>GPIOPadConfigSet</name>
         <value>0x599</value>
         <object_component_ref idref="oc-28c"/>
      </symbol>
      <symbol id="sm-737">
         <name>SysCtlDelay</name>
         <value>0x21fb</value>
         <object_component_ref idref="oc-1f4"/>
      </symbol>
      <symbol id="sm-738">
         <name>SysCtlPeripheralEnable</name>
         <value>0x1e35</value>
         <object_component_ref idref="oc-1e2"/>
      </symbol>
      <symbol id="sm-739">
         <name>SysCtlPeripheralReset</name>
         <value>0x1979</value>
         <object_component_ref idref="oc-2a1"/>
      </symbol>
      <symbol id="sm-746">
         <name>UARTClockSourceSet</name>
         <value>0x2201</value>
         <object_component_ref idref="oc-1d5"/>
      </symbol>
      <symbol id="sm-748">
         <name>__TI_static_base__</name>
         <value>0x0</value>
      </symbol>
      <symbol id="sm-74b">
         <name>__mpu_init</name>
         <value>0x0</value>
      </symbol>
      <symbol id="sm-74c">
         <name>_system_post_cinit</name>
         <value>0x0</value>
      </symbol>
   </symbol_table>
   <title>Link successful</title>
</link_info>
